$ curl -i -X GET http://localhost:8080/crlf
HTTP/1.1 500 Internal Server Error
content-length: 205
content-type: text/html; charset=UTF-8

<!doctype html>
<html>
<head>
    <title>500 Internal Server Error</title>
</head>
<body>
    <center>
        <h1>500 Internal Server Error</h1>
        <hr>
        wasmtime
    </center>
</body>
</html>

$ curl -i -X GET http://localhost:8080/nul
HTTP/1.1 500 Internal Server Error
content-length: 205
content-type: text/html; charset=UTF-8

<!doctype html>
<html>
<head>
    <title>500 Internal Server Error</title>
</head>
<body>
    <center>
        <h1>500 Internal Server Error</h1>
        <hr>
        wasmtime
    </center>
</body>
</html>

$ curl -i -X GET http://localhost:8080/tab
HTTP/1.1 200 OK
content-type: text/plain;	charset=utf-8

a tab
