$ curl -i -X GET http://localhost:8080/v1/items
HTTP/1.1 200 OK
content-type: application/json

{"items":[{"id":1,"name":"apple"},{"id":2,"name":"pear"}]}

$ curl -i -X GET http://localhost:8080/v1/items/2
HTTP/1.1 200 OK
content-type: application/json

{"id":2,"name":"pear"}

$ curl -i -X GET http://localhost:8080/v1/items/9
HTTP/1.1 404 Not Found
content-type: application/json

{"error":"no such item","target":"/v1/items/9"}

$ curl -i -X GET http://localhost:8080/v1/items/2x
HTTP/1.1 404 Not Found
content-type: application/json

{"error":"no such item","target":"/v1/items/2x"}

$ curl -i -X DELETE http://localhost:8080/v1/items/2
HTTP/1.1 405 Method Not Allowed
content-type: application/json

{"error":"only GET"}
